[pipeline] 公開設定を private で上書き
[history] 控えから 339件のテーマを足しました（チャンネルの読みと**和**を取ります。二重に作らないため）
[history] この窓のチャンネルの読みを再利用しました（投稿済みテーマ 716件・**API 0単位**）。 窓ごとに1回だけ読みます（`_SCAN_CACHE` の註）。 読み直すなら `YT_NO_SCAN_CACHE=1`
[pipeline] 題材の尺で作ります: 目標 20分（下限 16.0分・上限 25.0分）
[pipeline] 外の型の尺で作ります（規則が題材の minutes: を上書き）: 目標 27.5分（下限 24.0分・上限 30.0分）—— 帯でいちばん速い升 25〜30分（n=24・2,094回/日）
=== テーマ: 年金は65歳・70歳・75歳のどれで受け取るか 寿命の見込み1か月で最適が54か月飛ぶ (nenkin-uketorikata-65-70-75-handan) ===
[history] 控えから 339件のテーマを足しました（チャンネルの読みと**和**を取ります。二重に作らないため）
[history] この窓のチャンネルの読みを再利用しました（投稿済みテーマ 716件・**API 0単位**）。 窓ごとに1回だけ読みます（`_SCAN_CACHE` の註）。 読み直すなら `YT_NO_SCAN_CACHE=1`
[script] 作り: outside_long（外の帯の上位の長尺の形を写す）
[script] 題の形: 断定（テーマIDで決まる。割合 50%）
[script] 冒頭1枚目の形: 問い（テーマIDで決まる。割合 50%）
[script] 入り方: 差分 ／ 締め方: 分岐（テーマIDで決まる。`python -m src.frames --forms` で散り方を数える）
[script] 初稿: 85セグメント / 8192文字
[script] 加筆後: 91セグメント / 8857文字
[script] 長尺の条件を満たしていません（1回目）:
  - 8番目で音声が「1つ」と言っているのに、画面の項目は2個。**数が合っていない。** どちらかに揃えること
  - 35番目で音声が「2つ」と言っているのに、画面の項目は3個。**数が合っていない。** どちらかに揃えること
  - 42番目で音声が「1つ」と言っているのに、画面の項目は2個。**数が合っていない。** どちらかに揃えること
  - 60番目で音声が「1つ」と言っているのに、画面の項目は3個。**数が合っていない。** どちらかに揃えること
  - 83番目で音声が「2つ」と言っているのに、画面の項目は3個。**数が合っていない。** どちらかに揃えること
  - 67枚目の formula に数字がほとんど無い（『増えたぶんの率 ＝ 増えた手取り ÷ 増えた額面』）。**視聴者が同じ数を入れて追試できる形にすること**
  - **前提として『自己負担割合』を出しているのに、その値が画面のどこにもありません。**視聴者は結論を検算できず、**画面には「計算した」と書いてあるだけ**になります（独立評価の3体が2本続けてここを突きました）。どこかのコマに『自己負担割合 ＝ 〇〇』の形で、**calc の出力に出ているとおりの値**を出すこと
  - 読み上げ「85歳まで生きた場合に繰り下げて増える手取りは、年180万円の人で50万9918円でした。年額が大きい人ほど増え方も大きくなりますが、それでも100万円には届きません。棒の高さがそのまま増えた額です。」の 100万 が、画面のどこにも出ていません。**耳で言って目に出していない数です。** 棒か行か見出しに足すこと
  - 読み上げ「具体例をもう1つ。80歳まで生きると置くと、手取りの最適は60歳10か月です。総額は2773万5000円で、65歳開始との差は73万5000円。ここでは、早く受け取るほうが多く残ります。80歳では、繰下げの効果はまだ出ていません。」の 2773万5000 が、画面のどこにも出ていません。**耳で言って目に出していない数です。** 棒か行か見出しに足すこと
  - 読み上げ「95歳まで生きると置くと、最適は72歳6か月まで うしろに動きます。総額は6637万6950円、65歳開始との差は1237万6950円。長生きの見込みが、そのまま差の大きさになる形です。」の 6637万6950 が、画面のどこにも出ていません。**耳で言って目に出していない数です。** 棒か行か見出しに足すこと
  - 読み上げ「なぜ増えたぶんの率が下がるのか。手取り率は、年額が上がるほど下がる形で置いています。年78万円で100パーセント、年500万円で79パーセント。増えた部分は、いちばん率の低い上のほうに乗るからです。」の 500万 が、画面のどこにも出ていません。**耳で言って目に出していない数です。** 棒か行か見出しに足すこと
  - 読み上げ「70歳まで繰り下げると、増えた額面のうち手取りに残るのは76.7パーセントでした。平均の率で見込んだ68万7960円に対して、実際に増える手取りは57万9995円です。棒の高さが、その見込み違いの大きさです。」の 68万7960 が、画面のどこにも出ていません。**耳で言って目に出していない数です。** 棒か行か見出しに足すこと
  - 読み上げ「70歳まで繰り下げると、増えた額面のうち手取りに残るのは76.7パーセントでした。平均の率で見込んだ68万7960円に対して、実際に増える手取りは57万9995円です。棒の高さが、その見込み違いの大きさです。」の 57万9995 が、画面のどこにも出ていません。**耳で言って目に出していない数です。** 棒か行か見出しに足すこと
  - 読み上げ「境目は80歳8か月です。そこまでと置くと最適は62歳5か月、1か月 先の80歳9…」が、一息で **9個** の数を耳に載せています（上限 4個）。**列挙は画面（table / chart）の仕事**です —— 読み上げは『どちらが大きいか・どこで逆転するか・伸びが鈍るのはどこか』の**形**と、代表の1〜2個だけにして、残りの数は visual の rows / bars に移すこと。**画面から数を減らさないこと**（減らすと検算できなくなります）
  - 読み上げ「跨ぐ年齢は、もとの年額で大きく変わります。年160万円の人は74歳0か月ですが、…」が、一息で **9個** の数を耳に載せています（上限 4個）。**列挙は画面（table / chart）の仕事**です —— 読み上げは『どちらが大きいか・どこで逆転するか・伸びが鈍るのはどこか』の**形**と、代表の1〜2個だけにして、残りの数は visual の rows / bars に移すこと。**画面から数を減らさないこと**（減らすと検算できなくなります）
  - 読み上げ「年180万円の人は、80か月 繰り下げた71歳8か月で2割に上がります。そのとき…」が、一息で **8個** の数を耳に載せています（上限 4個）。**列挙は画面（table / chart）の仕事**です —— 読み上げは『どちらが大きいか・どこで逆転するか・伸びが鈍るのはどこか』の**形**と、代表の1〜2個だけにして、残りの数は visual の rows / bars に移すこと。**画面から数を減らさないこと**（減らすと検算できなくなります）
  - （同じ形が **ほか 32件** あります。**重い順に上から出しています** —— 台本ぜんたいで、列挙している文を『形＋代表1〜2個』へ直してください）
  - 冒頭 4コマ の視聴者への問い（「〜ませんか？」「〜でしょうか？」）が 0つ（2つ以上。外の上位4本は 90秒 に 2〜3つ）
  - 末尾 4コマ に締めの手順が無い（「自分の場合の数字を出す手順」を3つ、順に）
  - narration が 2〜4文 でないコマが 2つ（4コマ目 5文 / 26コマ目 5文。冒頭 4コマ は `outside_opening_problems` の持ち場なので数えていません。1コマ＝1枚の絵なので、文が多いほど同じ絵が動きません)
  - 図の棒が `nenkin-kurisage（公開済み）` と 5本 共通（20か月・24か月・27か月…）。**同じ図を出している。** 切り口を変えるか、別の計算結果を出すこと
  - 図の棒が `nenkin-saidai-torikoboshi-69-7（公開済み）` と 4本 共通（1980万円・2052万円・2808万円…）。**同じ図を出している。** 切り口を変えるか、別の計算結果を出すこと
  - 図の棒が `s-nenkin-motowotoreru-saigo-73sai1（公開済み）` と 5本 共通（100%・83%・87%…）。**同じ図を出している。** 切り口を変えるか、別の計算結果を出すこと
[script] 長尺の条件を満たしていません（2回目）:
  - 65枚目と66枚目の見出しが同一（'増えたぶんに残る率'）。**隣り合う2枚で画面が変わっていない。** どちらかの見出しを、そのコマで新しく分かることに変えること
  - 末尾 4コマ に締めの手順が無い（「自分の場合の数字を出す手順」を3つ、順に）
  - 図の棒が `nenkin-fueta-bun-no-teduke-767（公開済み）` と 4本 共通（75.1%・76.7%・78.1%…）。**同じ図を出している。** 切り口を変えるか、別の計算結果を出すこと
  - 図の棒が `nenkin-kurisage（公開済み）` と 5本 共通（195.1万円・225.4万円・255.6万円…）。**同じ図を出している。** 切り口を変えるか、別の計算結果を出すこと
  - 図の棒が `nenkin-saidai-torikoboshi-69-7（公開済み）` と 4本 共通（2111万400円・2259万3600円・2424万9600円…）。**同じ図を出している。** 切り口を変えるか、別の計算結果を出すこと
[script] 長尺の条件を満たしていません（3回目）:
  - 図の棒が `nenkin-saidai-torikoboshi-69-7（公開済み）` と 3本 共通（100%・23.9%・37.7%…）。**同じ図を出している。** 切り口を変えるか、別の計算結果を出すこと
[pipeline] タイトル: 【65歳の前に】年180万円の年金 開始年齢で247万6950円変わる 何歳で受け取るか
[clarity] 1周目: 挙がった 40件/40件 → 根拠あり 40件/40件 → 両方に出た 24件
[clarity] 書き直しが検査を増やしました（0→1件）。落ちた事実を渡して直させます（1/2）
